  Determining projects to restore...
  All projects are up-to-date for restore.
D:\Projects\In progress\HtmlLiveEditor\HtmlLiveEditor.Tests\obj\Debug\net9.0-windows\HtmlLiveEditor.Tests.GlobalUsings.g.cs(11,22): error CS0400: The type or namespace name 'Xunit' could not be found in the global namespace (are you missing an assembly reference?) [D:\Projects\In progress\HtmlLiveEditor\HtmlLiveEditor.csproj]
D:\Projects\In progress\HtmlLiveEditor\HtmlLiveEditor.Tests\AppConstantsTests.cs(7,10): error CS0246: The type or namespace name 'FactAttribute' could not be found (are you missing a using directive or an assembly reference?) [D:\Projects\In progress\HtmlLiveEditor\HtmlLiveEditor.csproj]
D:\Projects\In progress\HtmlLiveEditor\HtmlLiveEditor.Tests\AppConstantsTests.cs(7,10): error CS0246: The type or namespace name 'Fact' could not be found (are you missing a using directive or an assembly reference?) [D:\Projects\In progress\HtmlLiveEditor\HtmlLiveEditor.csproj]
D:\Projects\In progress\HtmlLiveEditor\HtmlLiveEditor.Tests\AppLoggerTests.cs(7,10): error CS0246: The type or namespace name 'FactAttribute' could not be found (are you missing a using directive or an assembly reference?) [D:\Projects\In progress\HtmlLiveEditor\HtmlLiveEditor.csproj]
D:\Projects\In progress\HtmlLiveEditor\HtmlLiveEditor.Tests\AppLoggerTests.cs(7,10): error CS0246: The type or namespace name 'Fact' could not be found (are you missing a using directive or an assembly reference?) [D:\Projects\In progress\HtmlLiveEditor\HtmlLiveEditor.csproj]
D:\Projects\In progress\HtmlLiveEditor\HtmlLiveEditor.Tests\FileServiceTests.cs(14,10): error CS0246: The type or namespace name 'FactAttribute' could not be found (are you missing a using directive or an assembly reference?) [D:\Projects\In progress\HtmlLiveEditor\HtmlLiveEditor.csproj]
D:\Projects\In progress\HtmlLiveEditor\HtmlLiveEditor.Tests\FileServiceTests.cs(14,10): error CS0246: The type or namespace name 'Fact' could not be found (are you missing a using directive or an assembly reference?) [D:\Projects\In progress\HtmlLiveEditor\HtmlLiveEditor.csproj]
D:\Projects\In progress\HtmlLiveEditor\HtmlLiveEditor.Tests\AppConstantsTests.cs(13,10): error CS0246: The type or namespace name 'FactAttribute' could not be found (are you missing a using directive or an assembly reference?) [D:\Projects\In progress\HtmlLiveEditor\HtmlLiveEditor.csproj]
D:\Projects\In progress\HtmlLiveEditor\HtmlLiveEditor.Tests\AppConstantsTests.cs(13,10): error CS0246: The type or namespace name 'Fact' could not be found (are you missing a using directive or an assembly reference?) [D:\Projects\In progress\HtmlLiveEditor\HtmlLiveEditor.csproj]
D:\Projects\In progress\HtmlLiveEditor\HtmlLiveEditor.Tests\AppLoggerTests.cs(15,10): error CS0246: The type or namespace name 'FactAttribute' could not be found (are you missing a using directive or an assembly reference?) [D:\Projects\In progress\HtmlLiveEditor\HtmlLiveEditor.csproj]
D:\Projects\In progress\HtmlLiveEditor\HtmlLiveEditor.Tests\AppLoggerTests.cs(15,10): error CS0246: The type or namespace name 'Fact' could not be found (are you missing a using directive or an assembly reference?) [D:\Projects\In progress\HtmlLiveEditor\HtmlLiveEditor.csproj]
D:\Projects\In progress\HtmlLiveEditor\HtmlLiveEditor.Tests\FileServiceTests.cs(20,10): error CS0246: The type or namespace name 'FactAttribute' could not be found (are you missing a using directive or an assembly reference?) [D:\Projects\In progress\HtmlLiveEditor\HtmlLiveEditor.csproj]
D:\Projects\In progress\HtmlLiveEditor\HtmlLiveEditor.Tests\FileServiceTests.cs(20,10): error CS0246: The type or namespace name 'Fact' could not be found (are you missing a using directive or an assembly reference?) [D:\Projects\In progress\HtmlLiveEditor\HtmlLiveEditor.csproj]
D:\Projects\In progress\HtmlLiveEditor\HtmlLiveEditor.Tests\AppLoggerTests.cs(23,10): error CS0246: The type or namespace name 'FactAttribute' could not be found (are you missing a using directive or an assembly reference?) [D:\Projects\In progress\HtmlLiveEditor\HtmlLiveEditor.csproj]
D:\Projects\In progress\HtmlLiveEditor\HtmlLiveEditor.Tests\AppLoggerTests.cs(23,10): error CS0246: The type or namespace name 'Fact' could not be found (are you missing a using directive or an assembly reference?) [D:\Projects\In progress\HtmlLiveEditor\HtmlLiveEditor.csproj]
D:\Projects\In progress\HtmlLiveEditor\HtmlLiveEditor.Tests\AppConstantsTests.cs(19,10): error CS0246: The type or namespace name 'FactAttribute' could not be found (are you missing a using directive or an assembly reference?) [D:\Projects\In progress\HtmlLiveEditor\HtmlLiveEditor.csproj]
D:\Projects\In progress\HtmlLiveEditor\HtmlLiveEditor.Tests\AppConstantsTests.cs(19,10): error CS0246: The type or namespace name 'Fact' could not be found (are you missing a using directive or an assembly reference?) [D:\Projects\In progress\HtmlLiveEditor\HtmlLiveEditor.csproj]
D:\Projects\In progress\HtmlLiveEditor\HtmlLiveEditor.Tests\FileServiceTests.cs(26,10): error CS0246: The type or namespace name 'FactAttribute' could not be found (are you missing a using directive or an assembly reference?) [D:\Projects\In progress\HtmlLiveEditor\HtmlLiveEditor.csproj]
D:\Projects\In progress\HtmlLiveEditor\HtmlLiveEditor.Tests\FileServiceTests.cs(26,10): error CS0246: The type or namespace name 'Fact' could not be found (are you missing a using directive or an assembly reference?) [D:\Projects\In progress\HtmlLiveEditor\HtmlLiveEditor.csproj]
D:\Projects\In progress\HtmlLiveEditor\HtmlLiveEditor.Tests\AppLoggerTests.cs(31,10): error CS0246: The type or namespace name 'FactAttribute' could not be found (are you missing a using directive or an assembly reference?) [D:\Projects\In progress\HtmlLiveEditor\HtmlLiveEditor.csproj]
D:\Projects\In progress\HtmlLiveEditor\HtmlLiveEditor.Tests\AppLoggerTests.cs(31,10): error CS0246: The type or namespace name 'Fact' could not be found (are you missing a using directive or an assembly reference?) [D:\Projects\In progress\HtmlLiveEditor\HtmlLiveEditor.csproj]
D:\Projects\In progress\HtmlLiveEditor\HtmlLiveEditor.Tests\AppConstantsTests.cs(26,10): error CS0246: The type or namespace name 'FactAttribute' could not be found (are you missing a using directive or an assembly reference?) [D:\Projects\In progress\HtmlLiveEditor\HtmlLiveEditor.csproj]
D:\Projects\In progress\HtmlLiveEditor\HtmlLiveEditor.Tests\AppConstantsTests.cs(26,10): error CS0246: The type or namespace name 'Fact' could not be found (are you missing a using directive or an assembly reference?) [D:\Projects\In progress\HtmlLiveEditor\HtmlLiveEditor.csproj]
D:\Projects\In progress\HtmlLiveEditor\HtmlLiveEditor.Tests\FileServiceTests.cs(34,10): error CS0246: The type or namespace name 'FactAttribute' could not be found (are you missing a using directive or an assembly reference?) [D:\Projects\In progress\HtmlLiveEditor\HtmlLiveEditor.csproj]
D:\Projects\In progress\HtmlLiveEditor\HtmlLiveEditor.Tests\FileServiceTests.cs(34,10): error CS0246: The type or namespace name 'Fact' could not be found (are you missing a using directive or an assembly reference?) [D:\Projects\In progress\HtmlLiveEditor\HtmlLiveEditor.csproj]
D:\Projects\In progress\HtmlLiveEditor\HtmlLiveEditor.Tests\AppConstantsTests.cs(32,10): error CS0246: The type or namespace name 'FactAttribute' could not be found (are you missing a using directive or an assembly reference?) [D:\Projects\In progress\HtmlLiveEditor\HtmlLiveEditor.csproj]
D:\Projects\In progress\HtmlLiveEditor\HtmlLiveEditor.Tests\AppConstantsTests.cs(32,10): error CS0246: The type or namespace name 'Fact' could not be found (are you missing a using directive or an assembly reference?) [D:\Projects\In progress\HtmlLiveEditor\HtmlLiveEditor.csproj]
D:\Projects\In progress\HtmlLiveEditor\HtmlLiveEditor.Tests\FileServiceTests.cs(42,10): error CS0246: The type or namespace name 'FactAttribute' could not be found (are you missing a using directive or an assembly reference?) [D:\Projects\In progress\HtmlLiveEditor\HtmlLiveEditor.csproj]
D:\Projects\In progress\HtmlLiveEditor\HtmlLiveEditor.Tests\FileServiceTests.cs(42,10): error CS0246: The type or namespace name 'Fact' could not be found (are you missing a using directive or an assembly reference?) [D:\Projects\In progress\HtmlLiveEditor\HtmlLiveEditor.csproj]
D:\Projects\In progress\HtmlLiveEditor\HtmlLiveEditor.Tests\AppConstantsTests.cs(38,10): error CS0246: The type or namespace name 'FactAttribute' could not be found (are you missing a using directive or an assembly reference?) [D:\Projects\In progress\HtmlLiveEditor\HtmlLiveEditor.csproj]
D:\Projects\In progress\HtmlLiveEditor\HtmlLiveEditor.Tests\AppConstantsTests.cs(38,10): error CS0246: The type or namespace name 'Fact' could not be found (are you missing a using directive or an assembly reference?) [D:\Projects\In progress\HtmlLiveEditor\HtmlLiveEditor.csproj]
D:\Projects\In progress\HtmlLiveEditor\HtmlLiveEditor.Tests\FileServiceTests.cs(48,10): error CS0246: The type or namespace name 'FactAttribute' could not be found (are you missing a using directive or an assembly reference?) [D:\Projects\In progress\HtmlLiveEditor\HtmlLiveEditor.csproj]
D:\Projects\In progress\HtmlLiveEditor\HtmlLiveEditor.Tests\FileServiceTests.cs(48,10): error CS0246: The type or namespace name 'Fact' could not be found (are you missing a using directive or an assembly reference?) [D:\Projects\In progress\HtmlLiveEditor\HtmlLiveEditor.csproj]
D:\Projects\In progress\HtmlLiveEditor\HtmlLiveEditor.Tests\AppConstantsTests.cs(44,10): error CS0246: The type or namespace name 'FactAttribute' could not be found (are you missing a using directive or an assembly reference?) [D:\Projects\In progress\HtmlLiveEditor\HtmlLiveEditor.csproj]
D:\Projects\In progress\HtmlLiveEditor\HtmlLiveEditor.Tests\AppConstantsTests.cs(44,10): error CS0246: The type or namespace name 'Fact' could not be found (are you missing a using directive or an assembly reference?) [D:\Projects\In progress\HtmlLiveEditor\HtmlLiveEditor.csproj]
D:\Projects\In progress\HtmlLiveEditor\HtmlLiveEditor.Tests\FileServiceTests.cs(55,10): error CS0246: The type or namespace name 'FactAttribute' could not be found (are you missing a using directive or an assembly reference?) [D:\Projects\In progress\HtmlLiveEditor\HtmlLiveEditor.csproj]
D:\Projects\In progress\HtmlLiveEditor\HtmlLiveEditor.Tests\FileServiceTests.cs(55,10): error CS0246: The type or namespace name 'Fact' could not be found (are you missing a using directive or an assembly reference?) [D:\Projects\In progress\HtmlLiveEditor\HtmlLiveEditor.csproj]
D:\Projects\In progress\HtmlLiveEditor\HtmlLiveEditor.Tests\AppConstantsTests.cs(50,10): error CS0246: The type or namespace name 'FactAttribute' could not be found (are you missing a using directive or an assembly reference?) [D:\Projects\In progress\HtmlLiveEditor\HtmlLiveEditor.csproj]
D:\Projects\In progress\HtmlLiveEditor\HtmlLiveEditor.Tests\AppConstantsTests.cs(50,10): error CS0246: The type or namespace name 'Fact' could not be found (are you missing a using directive or an assembly reference?) [D:\Projects\In progress\HtmlLiveEditor\HtmlLiveEditor.csproj]
D:\Projects\In progress\HtmlLiveEditor\HtmlLiveEditor.Tests\AppConstantsTests.cs(56,10): error CS0246: The type or namespace name 'FactAttribute' could not be found (are you missing a using directive or an assembly reference?) [D:\Projects\In progress\HtmlLiveEditor\HtmlLiveEditor.csproj]
D:\Projects\In progress\HtmlLiveEditor\HtmlLiveEditor.Tests\AppConstantsTests.cs(56,10): error CS0246: The type or namespace name 'Fact' could not be found (are you missing a using directive or an assembly reference?) [D:\Projects\In progress\HtmlLiveEditor\HtmlLiveEditor.csproj]

Build FAILED.

D:\Projects\In progress\HtmlLiveEditor\HtmlLiveEditor.Tests\obj\Debug\net9.0-windows\HtmlLiveEditor.Tests.GlobalUsings.g.cs(11,22): error CS0400: The type or namespace name 'Xunit' could not be found in the global namespace (are you missing an assembly reference?) [D:\Projects\In progress\HtmlLiveEditor\HtmlLiveEditor.csproj]
D:\Projects\In progress\HtmlLiveEditor\HtmlLiveEditor.Tests\AppConstantsTests.cs(7,10): error CS0246: The type or namespace name 'FactAttribute' could not be found (are you missing a using directive or an assembly reference?) [D:\Projects\In progress\HtmlLiveEditor\HtmlLiveEditor.csproj]
D:\Projects\In progress\HtmlLiveEditor\HtmlLiveEditor.Tests\AppConstantsTests.cs(7,10): error CS0246: The type or namespace name 'Fact' could not be found (are you missing a using directive or an assembly reference?) [D:\Projects\In progress\HtmlLiveEditor\HtmlLiveEditor.csproj]
D:\Projects\In progress\HtmlLiveEditor\HtmlLiveEditor.Tests\AppLoggerTests.cs(7,10): error CS0246: The type or namespace name 'FactAttribute' could not be found (are you missing a using directive or an assembly reference?) [D:\Projects\In progress\HtmlLiveEditor\HtmlLiveEditor.csproj]
D:\Projects\In progress\HtmlLiveEditor\HtmlLiveEditor.Tests\AppLoggerTests.cs(7,10): error CS0246: The type or namespace name 'Fact' could not be found (are you missing a using directive or an assembly reference?) [D:\Projects\In progress\HtmlLiveEditor\HtmlLiveEditor.csproj]
D:\Projects\In progress\HtmlLiveEditor\HtmlLiveEditor.Tests\FileServiceTests.cs(14,10): error CS0246: The type or namespace name 'FactAttribute' could not be found (are you missing a using directive or an assembly reference?) [D:\Projects\In progress\HtmlLiveEditor\HtmlLiveEditor.csproj]
D:\Projects\In progress\HtmlLiveEditor\HtmlLiveEditor.Tests\FileServiceTests.cs(14,10): error CS0246: The type or namespace name 'Fact' could not be found (are you missing a using directive or an assembly reference?) [D:\Projects\In progress\HtmlLiveEditor\HtmlLiveEditor.csproj]
D:\Projects\In progress\HtmlLiveEditor\HtmlLiveEditor.Tests\AppConstantsTests.cs(13,10): error CS0246: The type or namespace name 'FactAttribute' could not be found (are you missing a using directive or an assembly reference?) [D:\Projects\In progress\HtmlLiveEditor\HtmlLiveEditor.csproj]
D:\Projects\In progress\HtmlLiveEditor\HtmlLiveEditor.Tests\AppConstantsTests.cs(13,10): error CS0246: The type or namespace name 'Fact' could not be found (are you missing a using directive or an assembly reference?) [D:\Projects\In progress\HtmlLiveEditor\HtmlLiveEditor.csproj]
D:\Projects\In progress\HtmlLiveEditor\HtmlLiveEditor.Tests\AppLoggerTests.cs(15,10): error CS0246: The type or namespace name 'FactAttribute' could not be found (are you missing a using directive or an assembly reference?) [D:\Projects\In progress\HtmlLiveEditor\HtmlLiveEditor.csproj]
D:\Projects\In progress\HtmlLiveEditor\HtmlLiveEditor.Tests\AppLoggerTests.cs(15,10): error CS0246: The type or namespace name 'Fact' could not be found (are you missing a using directive or an assembly reference?) [D:\Projects\In progress\HtmlLiveEditor\HtmlLiveEditor.csproj]
D:\Projects\In progress\HtmlLiveEditor\HtmlLiveEditor.Tests\FileServiceTests.cs(20,10): error CS0246: The type or namespace name 'FactAttribute' could not be found (are you missing a using directive or an assembly reference?) [D:\Projects\In progress\HtmlLiveEditor\HtmlLiveEditor.csproj]
D:\Projects\In progress\HtmlLiveEditor\HtmlLiveEditor.Tests\FileServiceTests.cs(20,10): error CS0246: The type or namespace name 'Fact' could not be found (are you missing a using directive or an assembly reference?) [D:\Projects\In progress\HtmlLiveEditor\HtmlLiveEditor.csproj]
D:\Projects\In progress\HtmlLiveEditor\HtmlLiveEditor.Tests\AppLoggerTests.cs(23,10): error CS0246: The type or namespace name 'FactAttribute' could not be found (are you missing a using directive or an assembly reference?) [D:\Projects\In progress\HtmlLiveEditor\HtmlLiveEditor.csproj]
D:\Projects\In progress\HtmlLiveEditor\HtmlLiveEditor.Tests\AppLoggerTests.cs(23,10): error CS0246: The type or namespace name 'Fact' could not be found (are you missing a using directive or an assembly reference?) [D:\Projects\In progress\HtmlLiveEditor\HtmlLiveEditor.csproj]
D:\Projects\In progress\HtmlLiveEditor\HtmlLiveEditor.Tests\AppConstantsTests.cs(19,10): error CS0246: The type or namespace name 'FactAttribute' could not be found (are you missing a using directive or an assembly reference?) [D:\Projects\In progress\HtmlLiveEditor\HtmlLiveEditor.csproj]
D:\Projects\In progress\HtmlLiveEditor\HtmlLiveEditor.Tests\AppConstantsTests.cs(19,10): error CS0246: The type or namespace name 'Fact' could not be found (are you missing a using directive or an assembly reference?) [D:\Projects\In progress\HtmlLiveEditor\HtmlLiveEditor.csproj]
D:\Projects\In progress\HtmlLiveEditor\HtmlLiveEditor.Tests\FileServiceTests.cs(26,10): error CS0246: The type or namespace name 'FactAttribute' could not be found (are you missing a using directive or an assembly reference?) [D:\Projects\In progress\HtmlLiveEditor\HtmlLiveEditor.csproj]
D:\Projects\In progress\HtmlLiveEditor\HtmlLiveEditor.Tests\FileServiceTests.cs(26,10): error CS0246: The type or namespace name 'Fact' could not be found (are you missing a using directive or an assembly reference?) [D:\Projects\In progress\HtmlLiveEditor\HtmlLiveEditor.csproj]
D:\Projects\In progress\HtmlLiveEditor\HtmlLiveEditor.Tests\AppLoggerTests.cs(31,10): error CS0246: The type or namespace name 'FactAttribute' could not be found (are you missing a using directive or an assembly reference?) [D:\Projects\In progress\HtmlLiveEditor\HtmlLiveEditor.csproj]
D:\Projects\In progress\HtmlLiveEditor\HtmlLiveEditor.Tests\AppLoggerTests.cs(31,10): error CS0246: The type or namespace name 'Fact' could not be found (are you missing a using directive or an assembly reference?) [D:\Projects\In progress\HtmlLiveEditor\HtmlLiveEditor.csproj]
D:\Projects\In progress\HtmlLiveEditor\HtmlLiveEditor.Tests\AppConstantsTests.cs(26,10): error CS0246: The type or namespace name 'FactAttribute' could not be found (are you missing a using directive or an assembly reference?) [D:\Projects\In progress\HtmlLiveEditor\HtmlLiveEditor.csproj]
D:\Projects\In progress\HtmlLiveEditor\HtmlLiveEditor.Tests\AppConstantsTests.cs(26,10): error CS0246: The type or namespace name 'Fact' could not be found (are you missing a using directive or an assembly reference?) [D:\Projects\In progress\HtmlLiveEditor\HtmlLiveEditor.csproj]
D:\Projects\In progress\HtmlLiveEditor\HtmlLiveEditor.Tests\FileServiceTests.cs(34,10): error CS0246: The type or namespace name 'FactAttribute' could not be found (are you missing a using directive or an assembly reference?) [D:\Projects\In progress\HtmlLiveEditor\HtmlLiveEditor.csproj]
D:\Projects\In progress\HtmlLiveEditor\HtmlLiveEditor.Tests\FileServiceTests.cs(34,10): error CS0246: The type or namespace name 'Fact' could not be found (are you missing a using directive or an assembly reference?) [D:\Projects\In progress\HtmlLiveEditor\HtmlLiveEditor.csproj]
D:\Projects\In progress\HtmlLiveEditor\HtmlLiveEditor.Tests\AppConstantsTests.cs(32,10): error CS0246: The type or namespace name 'FactAttribute' could not be found (are you missing a using directive or an assembly reference?) [D:\Projects\In progress\HtmlLiveEditor\HtmlLiveEditor.csproj]
D:\Projects\In progress\HtmlLiveEditor\HtmlLiveEditor.Tests\AppConstantsTests.cs(32,10): error CS0246: The type or namespace name 'Fact' could not be found (are you missing a using directive or an assembly reference?) [D:\Projects\In progress\HtmlLiveEditor\HtmlLiveEditor.csproj]
D:\Projects\In progress\HtmlLiveEditor\HtmlLiveEditor.Tests\FileServiceTests.cs(42,10): error CS0246: The type or namespace name 'FactAttribute' could not be found (are you missing a using directive or an assembly reference?) [D:\Projects\In progress\HtmlLiveEditor\HtmlLiveEditor.csproj]
D:\Projects\In progress\HtmlLiveEditor\HtmlLiveEditor.Tests\FileServiceTests.cs(42,10): error CS0246: The type or namespace name 'Fact' could not be found (are you missing a using directive or an assembly reference?) [D:\Projects\In progress\HtmlLiveEditor\HtmlLiveEditor.csproj]
D:\Projects\In progress\HtmlLiveEditor\HtmlLiveEditor.Tests\AppConstantsTests.cs(38,10): error CS0246: The type or namespace name 'FactAttribute' could not be found (are you missing a using directive or an assembly reference?) [D:\Projects\In progress\HtmlLiveEditor\HtmlLiveEditor.csproj]
D:\Projects\In progress\HtmlLiveEditor\HtmlLiveEditor.Tests\AppConstantsTests.cs(38,10): error CS0246: The type or namespace name 'Fact' could not be found (are you missing a using directive or an assembly reference?) [D:\Projects\In progress\HtmlLiveEditor\HtmlLiveEditor.csproj]
D:\Projects\In progress\HtmlLiveEditor\HtmlLiveEditor.Tests\FileServiceTests.cs(48,10): error CS0246: The type or namespace name 'FactAttribute' could not be found (are you missing a using directive or an assembly reference?) [D:\Projects\In progress\HtmlLiveEditor\HtmlLiveEditor.csproj]
D:\Projects\In progress\HtmlLiveEditor\HtmlLiveEditor.Tests\FileServiceTests.cs(48,10): error CS0246: The type or namespace name 'Fact' could not be found (are you missing a using directive or an assembly reference?) [D:\Projects\In progress\HtmlLiveEditor\HtmlLiveEditor.csproj]
D:\Projects\In progress\HtmlLiveEditor\HtmlLiveEditor.Tests\AppConstantsTests.cs(44,10): error CS0246: The type or namespace name 'FactAttribute' could not be found (are you missing a using directive or an assembly reference?) [D:\Projects\In progress\HtmlLiveEditor\HtmlLiveEditor.csproj]
D:\Projects\In progress\HtmlLiveEditor\HtmlLiveEditor.Tests\AppConstantsTests.cs(44,10): error CS0246: The type or namespace name 'Fact' could not be found (are you missing a using directive or an assembly reference?) [D:\Projects\In progress\HtmlLiveEditor\HtmlLiveEditor.csproj]
D:\Projects\In progress\HtmlLiveEditor\HtmlLiveEditor.Tests\FileServiceTests.cs(55,10): error CS0246: The type or namespace name 'FactAttribute' could not be found (are you missing a using directive or an assembly reference?) [D:\Projects\In progress\HtmlLiveEditor\HtmlLiveEditor.csproj]
D:\Projects\In progress\HtmlLiveEditor\HtmlLiveEditor.Tests\FileServiceTests.cs(55,10): error CS0246: The type or namespace name 'Fact' could not be found (are you missing a using directive or an assembly reference?) [D:\Projects\In progress\HtmlLiveEditor\HtmlLiveEditor.csproj]
D:\Projects\In progress\HtmlLiveEditor\HtmlLiveEditor.Tests\AppConstantsTests.cs(50,10): error CS0246: The type or namespace name 'FactAttribute' could not be found (are you missing a using directive or an assembly reference?) [D:\Projects\In progress\HtmlLiveEditor\HtmlLiveEditor.csproj]
D:\Projects\In progress\HtmlLiveEditor\HtmlLiveEditor.Tests\AppConstantsTests.cs(50,10): error CS0246: The type or namespace name 'Fact' could not be found (are you missing a using directive or an assembly reference?) [D:\Projects\In progress\HtmlLiveEditor\HtmlLiveEditor.csproj]
D:\Projects\In progress\HtmlLiveEditor\HtmlLiveEditor.Tests\AppConstantsTests.cs(56,10): error CS0246: The type or namespace name 'FactAttribute' could not be found (are you missing a using directive or an assembly reference?) [D:\Projects\In progress\HtmlLiveEditor\HtmlLiveEditor.csproj]
D:\Projects\In progress\HtmlLiveEditor\HtmlLiveEditor.Tests\AppConstantsTests.cs(56,10): error CS0246: The type or namespace name 'Fact' could not be found (are you missing a using directive or an assembly reference?) [D:\Projects\In progress\HtmlLiveEditor\HtmlLiveEditor.csproj]
    0 Warning(s)
    41 Error(s)

Time Elapsed 00:00:01.05
