Build started 20.02.2026 18:12:48.
     1>Project "D:\Projects\In progress\HtmlLiveEditor\HtmlLiveEditor.csproj" on node 1 (Restore target(s)).
     1>_GetAllRestoreProjectPathItems:
         Determining projects to restore...
       Restore:
         X.509 certificate chain validation will use the default trust store selected by .NET for code signing.
         X.509 certificate chain validation will use the default trust store selected by .NET for timestamping.
         Assets file has not changed. Skipping assets file writing. Path: D:\Projects\In progress\HtmlLiveEditor\obj\project.assets.json
         Restored D:\Projects\In progress\HtmlLiveEditor\HtmlLiveEditor.csproj (in 39 ms).
         
         NuGet Config files used:
             C:\Users\DanTe\AppData\Roaming\NuGet\NuGet.Config
             C:\Program Files (x86)\NuGet\Config\Microsoft.VisualStudio.FallbackLocation.config
             C:\Program Files (x86)\NuGet\Config\Microsoft.VisualStudio.Offline.config
         
         Feeds used:
             https://api.nuget.org/v3/index.json
             C:\Program Files (x86)\Microsoft SDKs\NuGetPackages\
         All projects are up-to-date for restore.
     1>Done Building Project "D:\Projects\In progress\HtmlLiveEditor\HtmlLiveEditor.csproj" (Restore target(s)).
   1:7>Project "D:\Projects\In progress\HtmlLiveEditor\HtmlLiveEditor.csproj" on node 1 (default targets).
     1>CoreResGen:
         No resources are out of date with respect to their source files. Skipping resource generation.
       GenerateTargetFrameworkMonikerAttribute:
       Skipping target "GenerateTargetFrameworkMonikerAttribute" because all output files are up-to-date with respect to the input files.
       CoreGenerateAssemblyInfo:
       Skipping target "CoreGenerateAssemblyInfo" because all output files are up-to-date with respect to the input files.
       _GenerateSourceLinkFile:
         Source Link file 'obj\Debug\net9.0-windows\HtmlLiveEditor.sourcelink.json' is up-to-date.
       CoreCompile:
         C:\Program Files\dotnet\dotnet.exe exec "C:\Program Files\dotnet\sdk\9.0.311\Roslyn\bincore\csc.dll" /noconfig /unsafe- /checked- /nowarn:1701,1702,1701,1702 /fullpaths /nostdlib+ /errorreport:prompt /warn:9 /define:TRACE;DEBUG;NET;NET9_0;NETCOREAPP;WINDOWS;WINDOWS7_0;NET5_0_OR_GREATER;NET6_0_OR_GREATER;NET7_0_OR_GREATER;NET8_0_OR_GREATER;NET9_0_OR_GREATER;NETCOREAPP3_0_OR_GREATER;NETCOREAPP3_1_OR_GREATER;WINDOWS7_0_OR_GREATER /highentropyva+ /nullable:enable /reference:"C:\Program Files\dotnet\packs\Microsoft.WindowsDesktop.App.Ref\9.0.13\ref\net9.0\Accessibility.dll" /reference:"C:\Program Files\dotnet\packs\Microsoft.NETCore.App.Ref\9.0.13\ref\net9.0\Microsoft.CSharp.dll" /reference:"C:\Program Files\dotnet\packs\Microsoft.NETCore.App.Ref\9.0.13\ref\net9.0\Microsoft.VisualBasic.Core.dll" /reference:"C:\Program Files\dotnet\packs\Microsoft.WindowsDesktop.App.Ref\9.0.13\ref\net9.0\Microsoft.VisualBasic.dll" /reference:"C:\Program Files\dotnet\packs\Microsoft.WindowsDesktop.App.Ref\9.0.13\ref\net9.0\Microsoft.VisualBasic.Forms.dll" /reference:C:\Users\DanTe\.nuget\packages\microsoft.web.webview2\1.0.2365.46\lib\netcoreapp3.0\Microsoft.Web.WebView2.Core.dll /reference:C:\Users\DanTe\.nuget\packages\microsoft.web.webview2\1.0.2365.46\lib\netcoreapp3.0\Microsoft.Web.WebView2.WinForms.dll /reference:C:\Users\DanTe\.nuget\packages\microsoft.web.webview2\1.0.2365.46\lib\netcoreapp3.0\Microsoft.Web.WebView2.Wpf.dll /reference:"C:\Program Files\dotnet\packs\Microsoft.NETCore.App.Ref\9.0.13\ref\net9.0\Microsoft.Win32.Primitives.dll" /reference:"C:\Program Files\dotnet\packs\Microsoft.WindowsDesktop.App.Ref\9.0.13\ref\net9.0\Microsoft.Win32.Registry.AccessControl.dll" /reference:"C:\Program Files\dotnet\packs\Microsoft.NETCore.App.Ref\9.0.13\ref\net9.0\Microsoft.Win32.Registry.dll" /reference:"C:\Program Files\dotnet\packs\Microsoft.WindowsDesktop.App.Ref\9.0.13\ref\net9.0\Microsoft.Win32.SystemEvents.dll" /reference:"C:\Program Files\dotnet\packs\Microsoft.NETCore.App.Ref\9.0.13\ref\net9.0\mscorlib.dll" /reference:"C:\Program Files\dotnet\packs\Microsoft.NETCore.App.Ref\9.0.13\ref\net9.0\netstandard.dll" /reference:"C:\Program Files\dotnet\packs\Microsoft.NETCore.App.Ref\9.0.13\ref\net9.0\System.AppContext.dll" /reference:"C:\Program Files\dotnet\packs\Microsoft.NETCore.App.Ref\9.0.13\ref\net9.0\System.Buffers.dll" /reference:"C:\Program Files\dotnet\packs\Microsoft.WindowsDesktop.App.Ref\9.0.13\ref\net9.0\System.CodeDom.dll" /reference:"C:\Program Files\dotnet\packs\Microsoft.NETCore.App.Ref\9.0.13\ref\net9.0\System.Collections.Concurrent.dll" /reference:"C:\Program Files\dotnet\packs\Microsoft.NETCore.App.Ref\9.0.13\ref\net9.0\System.Collections.dll" /reference:"C:\Program Files\dotnet\packs\Microsoft.NETCore.App.Ref\9.0.13\ref\net9.0\System.Collections.Immutable.dll" /reference:"C:\Program Files\dotnet\packs\Microsoft.NETCore.App.Ref\9.0.13\ref\net9.0\System.Collections.NonGeneric.dll" /reference:"C:\Program Files\dotnet\packs\Microsoft.NETCore.App.Ref\9.0.13\ref\net9.0\System.Collections.Specialized.dll" /reference:"C:\Program Files\dotnet\packs\Microsoft.NETCore.App.Ref\9.0.13\ref\net9.0\System.ComponentModel.Annotations.dll" /reference:"C:\Program Files\dotnet\packs\Microsoft.NETCore.App.Ref\9.0.13\ref\net9.0\System.ComponentModel.DataAnnotations.dll" /reference:"C:\Program Files\dotnet\packs\Microsoft.NETCore.App.Ref\9.0.13\ref\net9.0\System.ComponentModel.dll" /reference:"C:\Program Files\dotnet\packs\Microsoft.NETCore.App.Ref\9.0.13\ref\net9.0\System.ComponentModel.EventBasedAsync.dll" /reference:"C:\Program Files\dotnet\packs\Microsoft.NETCore.App.Ref\9.0.13\ref\net9.0\System.ComponentModel.Primitives.dll" /reference:"C:\Program Files\dotnet\packs\Microsoft.NETCore.App.Ref\9.0.13\ref\net9.0\System.ComponentModel.TypeConverter.dll" /reference:"C:\Program Files\dotnet\packs\Microsoft.WindowsDesktop.App.Ref\9.0.13\ref\net9.0\System.Configuration.ConfigurationManager.dll" /reference:"C:\Program Files\dotnet\packs\Microsoft.NETCore.App.Ref\9.0.13\ref\net9.0\System.Configuration.dll" /reference:"C:\Program Files\dotnet\packs\Microsoft.NETCore.App.Ref\9.0.13\ref\net9.0\System.Console.dll" /reference:"C:\Program Files\dotnet\packs\Microsoft.NETCore.App.Ref\9.0.13\ref\net9.0\System.Core.dll" /reference:"C:\Program Files\dotnet\packs\Microsoft.NETCore.App.Ref\9.0.13\ref\net9.0\System.Data.Common.dll" /reference:"C:\Program Files\dotnet\packs\Microsoft.NETCore.App.Ref\9.0.13\ref\net9.0\System.Data.DataSetExtensions.dll" /reference:"C:\Program Files\dotnet\packs\Microsoft.NETCore.App.Ref\9.0.13\ref\net9.0\System.Data.dll" /reference:"C:\Program Files\dotnet\packs\Microsoft.WindowsDesktop.App.Ref\9.0.13\ref\net9.0\System.Design.dll" /reference:"C:\Program Files\dotnet\packs\Microsoft.NETCore.App.Ref\9.0.13\ref\net9.0\System.Diagnostics.Contracts.dll" /reference:"C:\Program Files\dotnet\packs\Microsoft.NETCore.App.Ref\9.0.13\ref\net9.0\System.Diagnostics.Debug.dll" /reference:"C:\Program Files\dotnet\packs\Microsoft.NETCore.App.Ref\9.0.13\ref\net9.0\System.Diagnostics.DiagnosticSource.dll" /reference:"C:\Program Files\dotnet\packs\Microsoft.WindowsDesktop.App.Ref\9.0.13\ref\net9.0\System.Diagnostics.EventLog.dll" /reference:"C:\Program Files\dotnet\packs\Microsoft.NETCore.App.Ref\9.0.13\ref\net9.0\System.Diagnostics.FileVersionInfo.dll" /reference:"C:\Program Files\dotnet\packs\Microsoft.WindowsDesktop.App.Ref\9.0.13\ref\net9.0\System.Diagnostics.PerformanceCounter.dll" /reference:"C:\Program Files\dotnet\packs\Microsoft.NETCore.App.Ref\9.0.13\ref\net9.0\System.Diagnostics.Process.dll" /reference:"C:\Program Files\dotnet\packs\Microsoft.NETCore.App.Ref\9.0.13\ref\net9.0\System.Diagnostics.StackTrace.dll" /reference:"C:\Program Files\dotnet\packs\Microsoft.NETCore.App.Ref\9.0.13\ref\net9.0\System.Diagnostics.TextWriterTraceListener.dll" /reference:"C:\Program Files\dotnet\packs\Microsoft.NETCore.App.Ref\9.0.13\ref\net9.0\System.Diagnostics.Tools.dll" /reference:"C:\Program Files\dotnet\packs\Microsoft.NETCore.App.Ref\9.0.13\ref\net9.0\System.Diagnostics.TraceSource.dll" /reference:"C:\Program Files\dotnet\packs\Microsoft.NETCore.App.Ref\9.0.13\ref\net9.0\System.Diagnostics.Tracing.dll" /reference:"C:\Program Files\dotnet\packs\Microsoft.WindowsDesktop.App.Ref\9.0.13\ref\net9.0\System.DirectoryServices.dll" /reference:"C:\Program Files\dotnet\packs\Microsoft.NETCore.App.Ref\9.0.13\ref\net9.0\System.dll" /reference:"C:\Program Files\dotnet\packs\Microsoft.WindowsDesktop.App.Ref\9.0.13\ref\net9.0\System.Drawing.Common.dll" /reference:"C:\Program Files\dotnet\packs\Microsoft.WindowsDesktop.App.Ref\9.0.13\ref\net9.0\System.Drawing.Design.dll" /reference:"C:\Program Files\dotnet\packs\Microsoft.WindowsDesktop.App.Ref\9.0.13\ref\net9.0\System.Drawing.dll" /reference:"C:\Program Files\dotnet\packs\Microsoft.NETCore.App.Ref\9.0.13\ref\net9.0\System.Drawing.Primitives.dll" /reference:"C:\Program Files\dotnet\packs\Microsoft.NETCore.App.Ref\9.0.13\ref\net9.0\System.Dynamic.Runtime.dll" /reference:"C:\Program Files\dotnet\packs\Microsoft.NETCore.App.Ref\9.0.13\ref\net9.0\System.Formats.Asn1.dll" /reference:"C:\Program Files\dotnet\packs\Microsoft.WindowsDesktop.App.Ref\9.0.13\ref\net9.0\System.Formats.Nrbf.dll" /reference:"C:\Program Files\dotnet\packs\Microsoft.NETCore.App.Ref\9.0.13\ref\net9.0\System.Formats.Tar.dll" /reference:"C:\Program Files\dotnet\packs\Microsoft.NETCore.App.Ref\9.0.13\ref\net9.0\System.Globalization.Calendars.dll" /reference:"C:\Program Files\dotnet\packs\Microsoft.NETCore.App.Ref\9.0.13\ref\net9.0\System.Globalization.dll" /reference:"C:\Program Files\dotnet\packs\Microsoft.NETCore.App.Ref\9.0.13\ref\net9.0\System.Globalization.Extensions.dll" /reference:"C:\Program Files\dotnet\packs\Microsoft.NETCore.App.Ref\9.0.13\ref\net9.0\System.IO.Compression.Brotli.dll" /reference:"C:\Program Files\dotnet\packs\Microsoft.NETCore.App.Ref\9.0.13\ref\net9.0\System.IO.Compression.dll" /reference:"C:\Program Files\dotnet\packs\Microsoft.NETCore.App.Ref\9.0.13\ref\net9.0\System.IO.Compression.FileSystem.dll" /reference:"C:\Program Files\dotnet\packs\Microsoft.NETCore.App.Ref\9.0.13\ref\net9.0\System.IO.Compression.ZipFile.dll" /reference:"C:\Program Files\dotnet\packs\Microsoft.NETCore.App.Ref\9.0.13\ref\net9.0\System.IO.dll" /reference:"C:\Program Files\dotnet\packs\Microsoft.NETCore.App.Ref\9.0.13\ref\net9.0\System.IO.FileSystem.AccessControl.dll" /reference:"C:\Program Files\dotnet\packs\Microsoft.NETCore.App.Ref\9.0.13\ref\net9.0\System.IO.FileSystem.dll" /reference:"C:\Program Files\dotnet\packs\Microsoft.NETCore.App.Ref\9.0.13\ref\net9.0\System.IO.FileSystem.DriveInfo.dll" /reference:"C:\Program Files\dotnet\packs\Microsoft.NETCore.App.Ref\9.0.13\ref\net9.0\System.IO.FileSystem.Primitives.dll" /reference:"C:\Program Files\dotnet\packs\Microsoft.NETCore.App.Ref\9.0.13\ref\net9.0\System.IO.FileSystem.Watcher.dll" /reference:"C:\Program Files\dotnet\packs\Microsoft.NETCore.App.Ref\9.0.13\ref\net9.0\System.IO.IsolatedStorage.dll" /reference:"C:\Program Files\dotnet\packs\Microsoft.NETCore.App.Ref\9.0.13\ref\net9.0\System.IO.MemoryMappedFiles.dll" /reference:"C:\Program Files\dotnet\packs\Microsoft.WindowsDesktop.App.Ref\9.0.13\ref\net9.0\System.IO.Packaging.dll" /reference:"C:\Program Files\dotnet\packs\Microsoft.NETCore.App.Ref\9.0.13\ref\net9.0\System.IO.Pipelines.dll" /reference:"C:\Program Files\dotnet\packs\Microsoft.NETCore.App.Ref\9.0.13\ref\net9.0\System.IO.Pipes.AccessControl.dll" /reference:"C:\Program Files\dotnet\packs\Microsoft.NETCore.App.Ref\9.0.13\ref\net9.0\System.IO.Pipes.dll" /reference:"C:\Program Files\dotnet\packs\Microsoft.NETCore.App.Ref\9.0.13\ref\net9.0\System.IO.UnmanagedMemoryStream.dll" /reference:"C:\Program Files\dotnet\packs\Microsoft.NETCore.App.Ref\9.0.13\ref\net9.0\System.Linq.dll" /reference:"C:\Program Files\dotnet\packs\Microsoft.NETCore.App.Ref\9.0.13\ref\net9.0\System.Linq.Expressions.dll" /reference:"C:\Program Files\dotnet\packs\Microsoft.NETCore.App.Ref\9.0.13\ref\net9.0\System.Linq.Parallel.dll" /reference:"C:\Program Files\dotnet\packs\Microsoft.NETCore.App.Ref\9.0.13\ref\net9.0\System.Linq.Queryable.dll" /reference:"C:\Program Files\dotnet\packs\Microsoft.NETCore.App.Ref\9.0.13\ref\net9.0\System.Memory.dll" /reference:"C:\Program Files\dotnet\packs\Microsoft.NETCore.App.Ref\9.0.13\ref\net9.0\System.Net.dll" /reference:"C:\Program Files\dotnet\packs\Microsoft.NETCore.App.Ref\9.0.13\ref\net9.0\System.Net.Http.dll" /reference:"C:\Program Files\dotnet\packs\Microsoft.NETCore.App.Ref\9.0.13\ref\net9.0\System.Net.Http.Json.dll" /reference:"C:\Program Files\dotnet\packs\Microsoft.NETCore.App.Ref\9.0.13\ref\net9.0\System.Net.HttpListener.dll" /reference:"C:\Program Files\dotnet\packs\Microsoft.NETCore.App.Ref\9.0.13\ref\net9.0\System.Net.Mail.dll" /reference:"C:\Program Files\dotnet\packs\Microsoft.NETCore.App.Ref\9.0.13\ref\net9.0\System.Net.NameResolution.dll" /reference:"C:\Program Files\dotnet\packs\Microsoft.NETCore.App.Ref\9.0.13\ref\net9.0\System.Net.NetworkInformation.dll" /reference:"C:\Program Files\dotnet\packs\Microsoft.NETCore.App.Ref\9.0.13\ref\net9.0\System.Net.Ping.dll" /reference:"C:\Program Files\dotnet\packs\Microsoft.NETCore.App.Ref\9.0.13\ref\net9.0\System.Net.Primitives.dll" /reference:"C:\Program Files\dotnet\packs\Microsoft.NETCore.App.Ref\9.0.13\ref\net9.0\System.Net.Quic.dll" /reference:"C:\Program Files\dotnet\packs\Microsoft.NETCore.App.Ref\9.0.13\ref\net9.0\System.Net.Requests.dll" /reference:"C:\Program Files\dotnet\packs\Microsoft.NETCore.App.Ref\9.0.13\ref\net9.0\System.Net.Security.dll" /reference:"C:\Program Files\dotnet\packs\Microsoft.NETCore.App.Ref\9.0.13\ref\net9.0\System.Net.ServicePoint.dll" /reference:"C:\Program Files\dotnet\packs\Microsoft.NETCore.App.Ref\9.0.13\ref\net9.0\System.Net.Sockets.dll" /reference:"C:\Program Files\dotnet\packs\Microsoft.NETCore.App.Ref\9.0.13\ref\net9.0\System.Net.WebClient.dll" /reference:"C:\Program Files\dotnet\packs\Microsoft.NETCore.App.Ref\9.0.13\ref\net9.0\System.Net.WebHeaderCollection.dll" /reference:"C:\Program Files\dotnet\packs\Microsoft.NETCore.App.Ref\9.0.13\ref\net9.0\System.Net.WebProxy.dll" /reference:"C:\Program Files\dotnet\packs\Microsoft.NETCore.App.Ref\9.0.13\ref\net9.0\System.Net.WebSockets.Client.dll" /reference:"C:\Program Files\dotnet\packs\Microsoft.NETCore.App.Ref\9.0.13\ref\net9.0\System.Net.WebSockets.dll" /reference:"C:\Program Files\dotnet\packs\Microsoft.NETCore.App.Ref\9.0.13\ref\net9.0\System.Numerics.dll" /reference:"C:\Program Files\dotnet\packs\Microsoft.NETCore.App.Ref\9.0.13\ref\net9.0\System.Numerics.Vectors.dll" /reference:"C:\Program Files\dotnet\packs\Microsoft.NETCore.App.Ref\9.0.13\ref\net9.0\System.ObjectModel.dll" /reference:"C:\Program Files\dotnet\packs\Microsoft.WindowsDesktop.App.Ref\9.0.13\ref\net9.0\System.Private.Windows.Core.dll" /reference:"C:\Program Files\dotnet\packs\Microsoft.NETCore.App.Ref\9.0.13\ref\net9.0\System.Reflection.DispatchProxy.dll" /reference:"C:\Program Files\dotnet\packs\Microsoft.NETCore.App.Ref\9.0.13\ref\net9.0\System.Reflection.dll" /reference:"C:\Program Files\dotnet\packs\Microsoft.NETCore.App.Ref\9.0.13\ref\net9.0\System.Reflection.Emit.dll" /reference:"C:\Program Files\dotnet\packs\Microsoft.NETCore.App.Ref\9.0.13\ref\net9.0\System.Reflection.Emit.ILGeneration.dll" /reference:"C:\Program Files\dotnet\packs\Microsoft.NETCore.App.Ref\9.0.13\ref\net9.0\System.Reflection.Emit.Lightweight.dll" /reference:"C:\Program Files\dotnet\packs\Microsoft.NETCore.App.Ref\9.0.13\ref\net9.0\System.Reflection.Extensions.dll" /reference:"C:\Program Files\dotnet\packs\Microsoft.NETCore.App.Ref\9.0.13\ref\net9.0\System.Reflection.Metadata.dll" /reference:"C:\Program Files\dotnet\packs\Microsoft.NETCore.App.Ref\9.0.13\ref\net9.0\System.Reflection.Primitives.dll" /reference:"C:\Program Files\dotnet\packs\Microsoft.NETCore.App.Ref\9.0.13\ref\net9.0\System.Reflection.TypeExtensions.dll" /reference:"C:\Program Files\dotnet\packs\Microsoft.WindowsDesktop.App.Ref\9.0.13\ref\net9.0\System.Resources.Extensions.dll" /reference:"C:\Program Files\dotnet\packs\Microsoft.NETCore.App.Ref\9.0.13\ref\net9.0\System.Resources.Reader.dll" /reference:"C:\Program Files\dotnet\packs\Microsoft.NETCore.App.Ref\9.0.13\ref\net9.0\System.Resources.ResourceManager.dll" /reference:"C:\Program Files\dotnet\packs\Microsoft.NETCore.App.Ref\9.0.13\ref\net9.0\System.Resources.Writer.dll" /reference:"C:\Program Files\dotnet\packs\Microsoft.NETCore.App.Ref\9.0.13\ref\net9.0\System.Runtime.CompilerServices.Unsafe.dll" /reference:"C:\Program Files\dotnet\packs\Microsoft.NETCore.App.Ref\9.0.13\ref\net9.0\System.Runtime.CompilerServices.VisualC.dll" /reference:"C:\Program Files\dotnet\packs\Microsoft.NETCore.App.Ref\9.0.13\ref\net9.0\System.Runtime.dll" /reference:"C:\Program Files\dotnet\packs\Microsoft.NETCore.App.Ref\9.0.13\ref\net9.0\System.Runtime.Extensions.dll" /reference:"C:\Program Files\dotnet\packs\Microsoft.NETCore.App.Ref\9.0.13\ref\net9.0\System.Runtime.Handles.dll" /reference:"C:\Program Files\dotnet\packs\Microsoft.NETCore.App.Ref\9.0.13\ref\net9.0\System.Runtime.InteropServices.dll" /reference:"C:\Program Files\dotnet\packs\Microsoft.NETCore.App.Ref\9.0.13\ref\net9.0\System.Runtime.InteropServices.JavaScript.dll" /reference:"C:\Program Files\dotnet\packs\Microsoft.NETCore.App.Ref\9.0.13\ref\net9.0\System.Runtime.InteropServices.RuntimeInformation.dll" /reference:"C:\Program Files\dotnet\packs\Microsoft.NETCore.App.Ref\9.0.13\ref\net9.0\System.Runtime.Intrinsics.dll" /reference:"C:\Program Files\dotnet\packs\Microsoft.NETCore.App.Ref\9.0.13\ref\net9.0\System.Runtime.Loader.dll" /reference:"C:\Program Files\dotnet\packs\Microsoft.NETCore.App.Ref\9.0.13\ref\net9.0\System.Runtime.Numerics.dll" /reference:"C:\Program Files\dotnet\packs\Microsoft.NETCore.App.Ref\9.0.13\ref\net9.0\System.Runtime.Serialization.dll" /reference:"C:\Program Files\dotnet\packs\Microsoft.NETCore.App.Ref\9.0.13\ref\net9.0\System.Runtime.Serialization.Formatters.dll" /reference:"C:\Program Files\dotnet\packs\Microsoft.NETCore.App.Ref\9.0.13\ref\net9.0\System.Runtime.Serialization.Json.dll" /reference:"C:\Program Files\dotnet\packs\Microsoft.NETCore.App.Ref\9.0.13\ref\net9.0\System.Runtime.Serialization.Primitives.dll" /reference:"C:\Program Files\dotnet\packs\Microsoft.NETCore.App.Ref\9.0.13\ref\net9.0\System.Runtime.Serialization.Xml.dll" /reference:"C:\Program Files\dotnet\packs\Microsoft.NETCore.App.Ref\9.0.13\ref\net9.0\System.Security.AccessControl.dll" /reference:"C:\Program Files\dotnet\packs\Microsoft.NETCore.App.Ref\9.0.13\ref\net9.0\System.Security.Claims.dll" /reference:"C:\Program Files\dotnet\packs\Microsoft.NETCore.App.Ref\9.0.13\ref\net9.0\System.Security.Cryptography.Algorithms.dll" /reference:"C:\Program Files\dotnet\packs\Microsoft.NETCore.App.Ref\9.0.13\ref\net9.0\System.Security.Cryptography.Cng.dll" /reference:"C:\Program Files\dotnet\packs\Microsoft.NETCore.App.Ref\9.0.13\ref\net9.0\System.Security.Cryptography.Csp.dll" /reference:"C:\Program Files\dotnet\packs\Microsoft.NETCore.App.Ref\9.0.13\ref\net9.0\System.Security.Cryptography.dll" /reference:"C:\Program Files\dotnet\packs\Microsoft.NETCore.App.Ref\9.0.13\ref\net9.0\System.Security.Cryptography.Encoding.dll" /reference:"C:\Program Files\dotnet\packs\Microsoft.NETCore.App.Ref\9.0.13\ref\net9.0\System.Security.Cryptography.OpenSsl.dll" /reference:"C:\Program Files\dotnet\packs\Microsoft.WindowsDesktop.App.Ref\9.0.13\ref\net9.0\System.Security.Cryptography.Pkcs.dll" /reference:"C:\Program Files\dotnet\packs\Microsoft.NETCore.App.Ref\9.0.13\ref\net9.0\System.Security.Cryptography.Primitives.dll" /reference:"C:\Program Files\dotnet\packs\Microsoft.WindowsDesktop.App.Ref\9.0.13\ref\net9.0\System.Security.Cryptography.ProtectedData.dll" /reference:"C:\Program Files\dotnet\packs\Microsoft.NETCore.App.Ref\9.0.13\ref\net9.0\System.Security.Cryptography.X509Certificates.dll" /reference:"C:\Program Files\dotnet\packs\Microsoft.WindowsDesktop.App.Ref\9.0.13\ref\net9.0\System.Security.Cryptography.Xml.dll" /reference:"C:\Program Files\dotnet\packs\Microsoft.NETCore.App.Ref\9.0.13\ref\net9.0\System.Security.dll" /reference:"C:\Program Files\dotnet\packs\Microsoft.WindowsDesktop.App.Ref\9.0.13\ref\net9.0\System.Security.Permissions.dll" /reference:"C:\Program Files\dotnet\packs\Microsoft.NETCore.App.Ref\9.0.13\ref\net9.0\System.Security.Principal.dll" /reference:"C:\Program Files\dotnet\packs\Microsoft.NETCore.App.Ref\9.0.13\ref\net9.0\System.Security.Principal.Windows.dll" /reference:"C:\Program Files\dotnet\packs\Microsoft.NETCore.App.Ref\9.0.13\ref\net9.0\System.Security.SecureString.dll" /reference:"C:\Program Files\dotnet\packs\Microsoft.NETCore.App.Ref\9.0.13\ref\net9.0\System.ServiceModel.Web.dll" /reference:"C:\Program Files\dotnet\packs\Microsoft.NETCore.App.Ref\9.0.13\ref\net9.0\System.ServiceProcess.dll" /reference:"C:\Program Files\dotnet\packs\Microsoft.NETCore.App.Ref\9.0.13\ref\net9.0\System.Text.Encoding.CodePages.dll" /reference:"C:\Program Files\dotnet\packs\Microsoft.NETCore.App.Ref\9.0.13\ref\net9.0\System.Text.Encoding.dll" /reference:"C:\Program Files\dotnet\packs\Microsoft.NETCore.App.Ref\9.0.13\ref\net9.0\System.Text.Encoding.Extensions.dll" /reference:"C:\Program Files\dotnet\packs\Microsoft.NETCore.App.Ref\9.0.13\ref\net9.0\System.Text.Encodings.Web.dll" /reference:"C:\Program Files\dotnet\packs\Microsoft.NETCore.App.Ref\9.0.13\ref\net9.0\System.Text.Json.dll" /reference:"C:\Program Files\dotnet\packs\Microsoft.NETCore.App.Ref\9.0.13\ref\net9.0\System.Text.RegularExpressions.dll" /reference:"C:\Program Files\dotnet\packs\Microsoft.WindowsDesktop.App.Ref\9.0.13\ref\net9.0\System.Threading.AccessControl.dll" /reference:"C:\Program Files\dotnet\packs\Microsoft.NETCore.App.Ref\9.0.13\ref\net9.0\System.Threading.Channels.dll" /reference:"C:\Program Files\dotnet\packs\Microsoft.NETCore.App.Ref\9.0.13\ref\net9.0\System.Threading.dll" /reference:"C:\Program Files\dotnet\packs\Microsoft.NETCore.App.Ref\9.0.13\ref\net9.0\System.Threading.Overlapped.dll" /reference:"C:\Program Files\dotnet\packs\Microsoft.NETCore.App.Ref\9.0.13\ref\net9.0\System.Threading.Tasks.Dataflow.dll" /reference:"C:\Program Files\dotnet\packs\Microsoft.NETCore.App.Ref\9.0.13\ref\net9.0\System.Threading.Tasks.dll" /reference:"C:\Program Files\dotnet\packs\Microsoft.NETCore.App.Ref\9.0.13\ref\net9.0\System.Threading.Tasks.Extensions.dll" /reference:"C:\Program Files\dotnet\packs\Microsoft.NETCore.App.Ref\9.0.13\ref\net9.0\System.Threading.Tasks.Parallel.dll" /reference:"C:\Program Files\dotnet\packs\Microsoft.NETCore.App.Ref\9.0.13\ref\net9.0\System.Threading.Thread.dll" /reference:"C:\Program Files\dotnet\packs\Microsoft.NETCore.App.Ref\9.0.13\ref\net9.0\System.Threading.ThreadPool.dll" /reference:"C:\Program Files\dotnet\packs\Microsoft.NETCore.App.Ref\9.0.13\ref\net9.0\System.Threading.Timer.dll" /reference:"C:\Program Files\dotnet\packs\Microsoft.NETCore.App.Ref\9.0.13\ref\net9.0\System.Transactions.dll" /reference:"C:\Program Files\dotnet\packs\Microsoft.NETCore.App.Ref\9.0.13\ref\net9.0\System.Transactions.Local.dll" /reference:"C:\Program Files\dotnet\packs\Microsoft.NETCore.App.Ref\9.0.13\ref\net9.0\System.ValueTuple.dll" /reference:"C:\Program Files\dotnet\packs\Microsoft.NETCore.App.Ref\9.0.13\ref\net9.0\System.Web.dll" /reference:"C:\Program Files\dotnet\packs\Microsoft.NETCore.App.Ref\9.0.13\ref\net9.0\System.Web.HttpUtility.dll" /reference:"C:\Program Files\dotnet\packs\Microsoft.NETCore.App.Ref\9.0.13\ref\net9.0\System.Windows.dll" /reference:"C:\Program Files\dotnet\packs\Microsoft.WindowsDesktop.App.Ref\9.0.13\ref\net9.0\System.Windows.Extensions.dll" /reference:"C:\Program Files\dotnet\packs\Microsoft.WindowsDesktop.App.Ref\9.0.13\ref\net9.0\System.Windows.Forms.Design.dll" /reference:"C:\Program Files\dotnet\packs\Microsoft.WindowsDesktop.App.Ref\9.0.13\ref\net9.0\System.Windows.Forms.Design.Editors.dll" /reference:"C:\Program Files\dotnet\packs\Microsoft.WindowsDesktop.App.Ref\9.0.13\ref\net9.0\System.Windows.Forms.dll" /reference:"C:\Program Files\dotnet\packs\Microsoft.WindowsDesktop.App.Ref\9.0.13\ref\net9.0\System.Windows.Forms.Primitives.dll" /reference:"C:\Program Files\dotnet\packs\Microsoft.NETCore.App.Ref\9.0.13\ref\net9.0\System.Xml.dll" /reference:"C:\Program Files\dotnet\packs\Microsoft.NETCore.App.Ref\9.0.13\ref\net9.0\System.Xml.Linq.dll" /reference:"C:\Program Files\dotnet\packs\Microsoft.NETCore.App.Ref\9.0.13\ref\net9.0\System.Xml.ReaderWriter.dll" /reference:"C:\Program Files\dotnet\packs\Microsoft.NETCore.App.Ref\9.0.13\ref\net9.0\System.Xml.Serialization.dll" /reference:"C:\Program Files\dotnet\packs\Microsoft.NETCore.App.Ref\9.0.13\ref\net9.0\System.Xml.XDocument.dll" /reference:"C:\Program Files\dotnet\packs\Microsoft.NETCore.App.Ref\9.0.13\ref\net9.0\System.Xml.XmlDocument.dll" /reference:"C:\Program Files\dotnet\packs\Microsoft.NETCore.App.Ref\9.0.13\ref\net9.0\System.Xml.XmlSerializer.dll" /reference:"C:\Program Files\dotnet\packs\Microsoft.NETCore.App.Ref\9.0.13\ref\net9.0\System.Xml.XPath.dll" /reference:"C:\Program Files\dotnet\packs\Microsoft.NETCore.App.Ref\9.0.13\ref\net9.0\System.Xml.XPath.XDocument.dll" /reference:"C:\Program Files\dotnet\packs\Microsoft.NETCore.App.Ref\9.0.13\ref\net9.0\WindowsBase.dll" /debug+ /debug:portable /filealign:512 /optimize- /out:obj\Debug\net9.0-windows\HtmlLiveEditor.dll /refout:obj\Debug\net9.0-windows\refint\HtmlLiveEditor.dll /resource:obj\Debug\net9.0-windows\HtmlLiveEditor.Form1.resources /target:winexe /warnaserror- /utf8output /deterministic+ /sourcelink:obj\Debug\net9.0-windows\HtmlLiveEditor.sourcelink.json /langversion:13.0 /embed:HtmlLiveEditor.Tests\obj\Debug\net9.0-windows\HtmlLiveEditor.Tests.GlobalUsings.g.cs /embed:obj\Debug\net9.0-windows\HtmlLiveEditor.GlobalUsings.g.cs /embed:"obj\Debug\net9.0-windows\.NETCoreApp,Version=v9.0.AssemblyAttributes.cs" /embed:obj\Debug\net9.0-windows\HtmlLiveEditor.AssemblyInfo.cs /analyzerconfig:obj\Debug\net9.0-windows\HtmlLiveEditor.GeneratedMSBuildEditorConfig.editorconfig /analyzerconfig:"C:\Program Files\dotnet\sdk\9.0.311\Sdks\Microsoft.NET.Sdk\analyzers\build\config\analysislevel_9_default.globalconfig" /analyzer:"C:\Program Files\dotnet\sdk\9.0.311\Sdks\Microsoft.NET.Sdk\targets\..\analyzers\Microsoft.CodeAnalysis.CSharp.NetAnalyzers.dll" /analyzer:"C:\Program Files\dotnet\sdk\9.0.311\Sdks\Microsoft.NET.Sdk\targets\..\analyzers\Microsoft.CodeAnalysis.NetAnalyzers.dll" /analyzer:"C:\Program Files\dotnet\packs\Microsoft.NETCore.App.Ref\9.0.13\analyzers/dotnet/cs/Microsoft.Interop.ComInterfaceGenerator.dll" /analyzer:"C:\Program Files\dotnet\packs\Microsoft.NETCore.App.Ref\9.0.13\analyzers/dotnet/cs/Microsoft.Interop.JavaScript.JSImportGenerator.dll" /analyzer:"C:\Program Files\dotnet\packs\Microsoft.NETCore.App.Ref\9.0.13\analyzers/dotnet/cs/Microsoft.Interop.LibraryImportGenerator.dll" /analyzer:"C:\Program Files\dotnet\packs\Microsoft.NETCore.App.Ref\9.0.13\analyzers/dotnet/cs/Microsoft.Interop.SourceGeneration.dll" /analyzer:"C:\Program Files\dotnet\packs\Microsoft.NETCore.App.Ref\9.0.13\analyzers/dotnet/cs/System.Text.Json.SourceGeneration.dll" /analyzer:"C:\Program Files\dotnet\packs\Microsoft.NETCore.App.Ref\9.0.13\analyzers/dotnet/cs/System.Text.RegularExpressions.Generator.dll" /analyzer:"C:\Program Files\dotnet\packs\Microsoft.WindowsDesktop.App.Ref\9.0.13\analyzers/dotnet/System.Windows.Forms.Analyzers.dll" /analyzer:"C:\Program Files\dotnet\packs\Microsoft.WindowsDesktop.App.Ref\9.0.13\analyzers/dotnet/cs/System.Windows.Forms.Analyzers.CSharp.dll" /analyzer:"C:\Program Files\dotnet\packs\Microsoft.WindowsDesktop.App.Ref\9.0.13\analyzers/dotnet/cs/System.Windows.Forms.Analyzers.CodeFixes.CSharp.dll" Config\AppConstants.cs Form1.cs Form1.Designer.cs HtmlLiveEditor.Tests\AppConstantsTests.cs HtmlLiveEditor.Tests\AppLoggerTests.cs HtmlLiveEditor.Tests\FileServiceTests.cs HtmlLiveEditor.Tests\obj\Debug\net9.0-windows\HtmlLiveEditor.Tests.GlobalUsings.g.cs Program.cs Services\AppLogger.cs Services\EditorBridge.cs Services\FileService.cs Services\IAppLogger.cs Services\IEditorBridge.cs Services\IFileService.cs Services\IPreviewBridge.cs Services\PreviewBridge.cs obj\Debug\net9.0-windows\HtmlLiveEditor.GlobalUsings.g.cs "obj\Debug\net9.0-windows\.NETCoreApp,Version=v9.0.AssemblyAttributes.cs" obj\Debug\net9.0-windows\HtmlLiveEditor.AssemblyInfo.cs /warnaserror+:NU1605,SYSLIB0011
     1>D:\Projects\In progress\HtmlLiveEditor\HtmlLiveEditor.Tests\obj\Debug\net9.0-windows\HtmlLiveEditor.Tests.GlobalUsings.g.cs(11,22): error CS0400: The type or namespace name 'Xunit' could not be found in the global namespace (are you missing an assembly reference?) [D:\Projects\In progress\HtmlLiveEditor\HtmlLiveEditor.csproj]
     1>D:\Projects\In progress\HtmlLiveEditor\HtmlLiveEditor.Tests\AppLoggerTests.cs(7,10): error CS0246: The type or namespace name 'FactAttribute' could not be found (are you missing a using directive or an assembly reference?) [D:\Projects\In progress\HtmlLiveEditor\HtmlLiveEditor.csproj]
     1>D:\Projects\In progress\HtmlLiveEditor\HtmlLiveEditor.Tests\AppLoggerTests.cs(7,10): error CS0246: The type or namespace name 'Fact' could not be found (are you missing a using directive or an assembly reference?) [D:\Projects\In progress\HtmlLiveEditor\HtmlLiveEditor.csproj]
     1>D:\Projects\In progress\HtmlLiveEditor\HtmlLiveEditor.Tests\AppConstantsTests.cs(7,10): error CS0246: The type or namespace name 'FactAttribute' could not be found (are you missing a using directive or an assembly reference?) [D:\Projects\In progress\HtmlLiveEditor\HtmlLiveEditor.csproj]
     1>D:\Projects\In progress\HtmlLiveEditor\HtmlLiveEditor.Tests\AppConstantsTests.cs(7,10): error CS0246: The type or namespace name 'Fact' could not be found (are you missing a using directive or an assembly reference?) [D:\Projects\In progress\HtmlLiveEditor\HtmlLiveEditor.csproj]
     1>D:\Projects\In progress\HtmlLiveEditor\HtmlLiveEditor.Tests\FileServiceTests.cs(14,10): error CS0246: The type or namespace name 'FactAttribute' could not be found (are you missing a using directive or an assembly reference?) [D:\Projects\In progress\HtmlLiveEditor\HtmlLiveEditor.csproj]
     1>D:\Projects\In progress\HtmlLiveEditor\HtmlLiveEditor.Tests\FileServiceTests.cs(14,10): error CS0246: The type or namespace name 'Fact' could not be found (are you missing a using directive or an assembly reference?) [D:\Projects\In progress\HtmlLiveEditor\HtmlLiveEditor.csproj]
     1>D:\Projects\In progress\HtmlLiveEditor\HtmlLiveEditor.Tests\AppLoggerTests.cs(15,10): error CS0246: The type or namespace name 'FactAttribute' could not be found (are you missing a using directive or an assembly reference?) [D:\Projects\In progress\HtmlLiveEditor\HtmlLiveEditor.csproj]
     1>D:\Projects\In progress\HtmlLiveEditor\HtmlLiveEditor.Tests\AppLoggerTests.cs(15,10): error CS0246: The type or namespace name 'Fact' could not be found (are you missing a using directive or an assembly reference?) [D:\Projects\In progress\HtmlLiveEditor\HtmlLiveEditor.csproj]
     1>D:\Projects\In progress\HtmlLiveEditor\HtmlLiveEditor.Tests\FileServiceTests.cs(20,10): error CS0246: The type or namespace name 'FactAttribute' could not be found (are you missing a using directive or an assembly reference?) [D:\Projects\In progress\HtmlLiveEditor\HtmlLiveEditor.csproj]
     1>D:\Projects\In progress\HtmlLiveEditor\HtmlLiveEditor.Tests\FileServiceTests.cs(20,10): error CS0246: The type or namespace name 'Fact' could not be found (are you missing a using directive or an assembly reference?) [D:\Projects\In progress\HtmlLiveEditor\HtmlLiveEditor.csproj]
     1>D:\Projects\In progress\HtmlLiveEditor\HtmlLiveEditor.Tests\AppConstantsTests.cs(13,10): error CS0246: The type or namespace name 'FactAttribute' could not be found (are you missing a using directive or an assembly reference?) [D:\Projects\In progress\HtmlLiveEditor\HtmlLiveEditor.csproj]
     1>D:\Projects\In progress\HtmlLiveEditor\HtmlLiveEditor.Tests\AppConstantsTests.cs(13,10): error CS0246: The type or namespace name 'Fact' could not be found (are you missing a using directive or an assembly reference?) [D:\Projects\In progress\HtmlLiveEditor\HtmlLiveEditor.csproj]
     1>D:\Projects\In progress\HtmlLiveEditor\HtmlLiveEditor.Tests\AppLoggerTests.cs(23,10): error CS0246: The type or namespace name 'FactAttribute' could not be found (are you missing a using directive or an assembly reference?) [D:\Projects\In progress\HtmlLiveEditor\HtmlLiveEditor.csproj]
     1>D:\Projects\In progress\HtmlLiveEditor\HtmlLiveEditor.Tests\AppLoggerTests.cs(23,10): error CS0246: The type or namespace name 'Fact' could not be found (are you missing a using directive or an assembly reference?) [D:\Projects\In progress\HtmlLiveEditor\HtmlLiveEditor.csproj]
     1>D:\Projects\In progress\HtmlLiveEditor\HtmlLiveEditor.Tests\FileServiceTests.cs(26,10): error CS0246: The type or namespace name 'FactAttribute' could not be found (are you missing a using directive or an assembly reference?) [D:\Projects\In progress\HtmlLiveEditor\HtmlLiveEditor.csproj]
     1>D:\Projects\In progress\HtmlLiveEditor\HtmlLiveEditor.Tests\FileServiceTests.cs(26,10): error CS0246: The type or namespace name 'Fact' could not be found (are you missing a using directive or an assembly reference?) [D:\Projects\In progress\HtmlLiveEditor\HtmlLiveEditor.csproj]
     1>D:\Projects\In progress\HtmlLiveEditor\HtmlLiveEditor.Tests\AppConstantsTests.cs(19,10): error CS0246: The type or namespace name 'FactAttribute' could not be found (are you missing a using directive or an assembly reference?) [D:\Projects\In progress\HtmlLiveEditor\HtmlLiveEditor.csproj]
     1>D:\Projects\In progress\HtmlLiveEditor\HtmlLiveEditor.Tests\AppConstantsTests.cs(19,10): error CS0246: The type or namespace name 'Fact' could not be found (are you missing a using directive or an assembly reference?) [D:\Projects\In progress\HtmlLiveEditor\HtmlLiveEditor.csproj]
     1>D:\Projects\In progress\HtmlLiveEditor\HtmlLiveEditor.Tests\AppLoggerTests.cs(31,10): error CS0246: The type or namespace name 'FactAttribute' could not be found (are you missing a using directive or an assembly reference?) [D:\Projects\In progress\HtmlLiveEditor\HtmlLiveEditor.csproj]
     1>D:\Projects\In progress\HtmlLiveEditor\HtmlLiveEditor.Tests\AppLoggerTests.cs(31,10): error CS0246: The type or namespace name 'Fact' could not be found (are you missing a using directive or an assembly reference?) [D:\Projects\In progress\HtmlLiveEditor\HtmlLiveEditor.csproj]
     1>D:\Projects\In progress\HtmlLiveEditor\HtmlLiveEditor.Tests\FileServiceTests.cs(34,10): error CS0246: The type or namespace name 'FactAttribute' could not be found (are you missing a using directive or an assembly reference?) [D:\Projects\In progress\HtmlLiveEditor\HtmlLiveEditor.csproj]
     1>D:\Projects\In progress\HtmlLiveEditor\HtmlLiveEditor.Tests\FileServiceTests.cs(34,10): error CS0246: The type or namespace name 'Fact' could not be found (are you missing a using directive or an assembly reference?) [D:\Projects\In progress\HtmlLiveEditor\HtmlLiveEditor.csproj]
     1>D:\Projects\In progress\HtmlLiveEditor\HtmlLiveEditor.Tests\AppConstantsTests.cs(26,10): error CS0246: The type or namespace name 'FactAttribute' could not be found (are you missing a using directive or an assembly reference?) [D:\Projects\In progress\HtmlLiveEditor\HtmlLiveEditor.csproj]
     1>D:\Projects\In progress\HtmlLiveEditor\HtmlLiveEditor.Tests\AppConstantsTests.cs(26,10): error CS0246: The type or namespace name 'Fact' could not be found (are you missing a using directive or an assembly reference?) [D:\Projects\In progress\HtmlLiveEditor\HtmlLiveEditor.csproj]
     1>D:\Projects\In progress\HtmlLiveEditor\HtmlLiveEditor.Tests\AppConstantsTests.cs(32,10): error CS0246: The type or namespace name 'FactAttribute' could not be found (are you missing a using directive or an assembly reference?) [D:\Projects\In progress\HtmlLiveEditor\HtmlLiveEditor.csproj]
     1>D:\Projects\In progress\HtmlLiveEditor\HtmlLiveEditor.Tests\AppConstantsTests.cs(32,10): error CS0246: The type or namespace name 'Fact' could not be found (are you missing a using directive or an assembly reference?) [D:\Projects\In progress\HtmlLiveEditor\HtmlLiveEditor.csproj]
     1>D:\Projects\In progress\HtmlLiveEditor\HtmlLiveEditor.Tests\FileServiceTests.cs(42,10): error CS0246: The type or namespace name 'FactAttribute' could not be found (are you missing a using directive or an assembly reference?) [D:\Projects\In progress\HtmlLiveEditor\HtmlLiveEditor.csproj]
     1>D:\Projects\In progress\HtmlLiveEditor\HtmlLiveEditor.Tests\FileServiceTests.cs(42,10): error CS0246: The type or namespace name 'Fact' could not be found (are you missing a using directive or an assembly reference?) [D:\Projects\In progress\HtmlLiveEditor\HtmlLiveEditor.csproj]
     1>D:\Projects\In progress\HtmlLiveEditor\HtmlLiveEditor.Tests\AppConstantsTests.cs(38,10): error CS0246: The type or namespace name 'FactAttribute' could not be found (are you missing a using directive or an assembly reference?) [D:\Projects\In progress\HtmlLiveEditor\HtmlLiveEditor.csproj]
     1>D:\Projects\In progress\HtmlLiveEditor\HtmlLiveEditor.Tests\AppConstantsTests.cs(38,10): error CS0246: The type or namespace name 'Fact' could not be found (are you missing a using directive or an assembly reference?) [D:\Projects\In progress\HtmlLiveEditor\HtmlLiveEditor.csproj]
     1>D:\Projects\In progress\HtmlLiveEditor\HtmlLiveEditor.Tests\FileServiceTests.cs(48,10): error CS0246: The type or namespace name 'FactAttribute' could not be found (are you missing a using directive or an assembly reference?) [D:\Projects\In progress\HtmlLiveEditor\HtmlLiveEditor.csproj]
     1>D:\Projects\In progress\HtmlLiveEditor\HtmlLiveEditor.Tests\FileServiceTests.cs(48,10): error CS0246: The type or namespace name 'Fact' could not be found (are you missing a using directive or an assembly reference?) [D:\Projects\In progress\HtmlLiveEditor\HtmlLiveEditor.csproj]
     1>D:\Projects\In progress\HtmlLiveEditor\HtmlLiveEditor.Tests\AppConstantsTests.cs(44,10): error CS0246: The type or namespace name 'FactAttribute' could not be found (are you missing a using directive or an assembly reference?) [D:\Projects\In progress\HtmlLiveEditor\HtmlLiveEditor.csproj]
     1>D:\Projects\In progress\HtmlLiveEditor\HtmlLiveEditor.Tests\AppConstantsTests.cs(44,10): error CS0246: The type or namespace name 'Fact' could not be found (are you missing a using directive or an assembly reference?) [D:\Projects\In progress\HtmlLiveEditor\HtmlLiveEditor.csproj]
     1>D:\Projects\In progress\HtmlLiveEditor\HtmlLiveEditor.Tests\FileServiceTests.cs(55,10): error CS0246: The type or namespace name 'FactAttribute' could not be found (are you missing a using directive or an assembly reference?) [D:\Projects\In progress\HtmlLiveEditor\HtmlLiveEditor.csproj]
     1>D:\Projects\In progress\HtmlLiveEditor\HtmlLiveEditor.Tests\FileServiceTests.cs(55,10): error CS0246: The type or namespace name 'Fact' could not be found (are you missing a using directive or an assembly reference?) [D:\Projects\In progress\HtmlLiveEditor\HtmlLiveEditor.csproj]
     1>D:\Projects\In progress\HtmlLiveEditor\HtmlLiveEditor.Tests\AppConstantsTests.cs(50,10): error CS0246: The type or namespace name 'FactAttribute' could not be found (are you missing a using directive or an assembly reference?) [D:\Projects\In progress\HtmlLiveEditor\HtmlLiveEditor.csproj]
     1>D:\Projects\In progress\HtmlLiveEditor\HtmlLiveEditor.Tests\AppConstantsTests.cs(50,10): error CS0246: The type or namespace name 'Fact' could not be found (are you missing a using directive or an assembly reference?) [D:\Projects\In progress\HtmlLiveEditor\HtmlLiveEditor.csproj]
     1>D:\Projects\In progress\HtmlLiveEditor\HtmlLiveEditor.Tests\AppConstantsTests.cs(56,10): error CS0246: The type or namespace name 'FactAttribute' could not be found (are you missing a using directive or an assembly reference?) [D:\Projects\In progress\HtmlLiveEditor\HtmlLiveEditor.csproj]
     1>D:\Projects\In progress\HtmlLiveEditor\HtmlLiveEditor.Tests\AppConstantsTests.cs(56,10): error CS0246: The type or namespace name 'Fact' could not be found (are you missing a using directive or an assembly reference?) [D:\Projects\In progress\HtmlLiveEditor\HtmlLiveEditor.csproj]
         CompilerServer: server - server processed compilation - HtmlLiveEditor (net9.0-windows)
     1>Done Building Project "D:\Projects\In progress\HtmlLiveEditor\HtmlLiveEditor.csproj" (default targets) -- FAILED.

Build FAILED.

       "D:\Projects\In progress\HtmlLiveEditor\HtmlLiveEditor.csproj" (default target) (1:7) ->
       (CoreCompile target) -> 
         D:\Projects\In progress\HtmlLiveEditor\HtmlLiveEditor.Tests\obj\Debug\net9.0-windows\HtmlLiveEditor.Tests.GlobalUsings.g.cs(11,22): error CS0400: The type or namespace name 'Xunit' could not be found in the global namespace (are you missing an assembly reference?) [D:\Projects\In progress\HtmlLiveEditor\HtmlLiveEditor.csproj]
         D:\Projects\In progress\HtmlLiveEditor\HtmlLiveEditor.Tests\AppLoggerTests.cs(7,10): error CS0246: The type or namespace name 'FactAttribute' could not be found (are you missing a using directive or an assembly reference?) [D:\Projects\In progress\HtmlLiveEditor\HtmlLiveEditor.csproj]
         D:\Projects\In progress\HtmlLiveEditor\HtmlLiveEditor.Tests\AppLoggerTests.cs(7,10): error CS0246: The type or namespace name 'Fact' could not be found (are you missing a using directive or an assembly reference?) [D:\Projects\In progress\HtmlLiveEditor\HtmlLiveEditor.csproj]
         D:\Projects\In progress\HtmlLiveEditor\HtmlLiveEditor.Tests\AppConstantsTests.cs(7,10): error CS0246: The type or namespace name 'FactAttribute' could not be found (are you missing a using directive or an assembly reference?) [D:\Projects\In progress\HtmlLiveEditor\HtmlLiveEditor.csproj]
         D:\Projects\In progress\HtmlLiveEditor\HtmlLiveEditor.Tests\AppConstantsTests.cs(7,10): error CS0246: The type or namespace name 'Fact' could not be found (are you missing a using directive or an assembly reference?) [D:\Projects\In progress\HtmlLiveEditor\HtmlLiveEditor.csproj]
         D:\Projects\In progress\HtmlLiveEditor\HtmlLiveEditor.Tests\FileServiceTests.cs(14,10): error CS0246: The type or namespace name 'FactAttribute' could not be found (are you missing a using directive or an assembly reference?) [D:\Projects\In progress\HtmlLiveEditor\HtmlLiveEditor.csproj]
         D:\Projects\In progress\HtmlLiveEditor\HtmlLiveEditor.Tests\FileServiceTests.cs(14,10): error CS0246: The type or namespace name 'Fact' could not be found (are you missing a using directive or an assembly reference?) [D:\Projects\In progress\HtmlLiveEditor\HtmlLiveEditor.csproj]
         D:\Projects\In progress\HtmlLiveEditor\HtmlLiveEditor.Tests\AppLoggerTests.cs(15,10): error CS0246: The type or namespace name 'FactAttribute' could not be found (are you missing a using directive or an assembly reference?) [D:\Projects\In progress\HtmlLiveEditor\HtmlLiveEditor.csproj]
         D:\Projects\In progress\HtmlLiveEditor\HtmlLiveEditor.Tests\AppLoggerTests.cs(15,10): error CS0246: The type or namespace name 'Fact' could not be found (are you missing a using directive or an assembly reference?) [D:\Projects\In progress\HtmlLiveEditor\HtmlLiveEditor.csproj]
         D:\Projects\In progress\HtmlLiveEditor\HtmlLiveEditor.Tests\FileServiceTests.cs(20,10): error CS0246: The type or namespace name 'FactAttribute' could not be found (are you missing a using directive or an assembly reference?) [D:\Projects\In progress\HtmlLiveEditor\HtmlLiveEditor.csproj]
         D:\Projects\In progress\HtmlLiveEditor\HtmlLiveEditor.Tests\FileServiceTests.cs(20,10): error CS0246: The type or namespace name 'Fact' could not be found (are you missing a using directive or an assembly reference?) [D:\Projects\In progress\HtmlLiveEditor\HtmlLiveEditor.csproj]
         D:\Projects\In progress\HtmlLiveEditor\HtmlLiveEditor.Tests\AppConstantsTests.cs(13,10): error CS0246: The type or namespace name 'FactAttribute' could not be found (are you missing a using directive or an assembly reference?) [D:\Projects\In progress\HtmlLiveEditor\HtmlLiveEditor.csproj]
         D:\Projects\In progress\HtmlLiveEditor\HtmlLiveEditor.Tests\AppConstantsTests.cs(13,10): error CS0246: The type or namespace name 'Fact' could not be found (are you missing a using directive or an assembly reference?) [D:\Projects\In progress\HtmlLiveEditor\HtmlLiveEditor.csproj]
         D:\Projects\In progress\HtmlLiveEditor\HtmlLiveEditor.Tests\AppLoggerTests.cs(23,10): error CS0246: The type or namespace name 'FactAttribute' could not be found (are you missing a using directive or an assembly reference?) [D:\Projects\In progress\HtmlLiveEditor\HtmlLiveEditor.csproj]
         D:\Projects\In progress\HtmlLiveEditor\HtmlLiveEditor.Tests\AppLoggerTests.cs(23,10): error CS0246: The type or namespace name 'Fact' could not be found (are you missing a using directive or an assembly reference?) [D:\Projects\In progress\HtmlLiveEditor\HtmlLiveEditor.csproj]
         D:\Projects\In progress\HtmlLiveEditor\HtmlLiveEditor.Tests\FileServiceTests.cs(26,10): error CS0246: The type or namespace name 'FactAttribute' could not be found (are you missing a using directive or an assembly reference?) [D:\Projects\In progress\HtmlLiveEditor\HtmlLiveEditor.csproj]
         D:\Projects\In progress\HtmlLiveEditor\HtmlLiveEditor.Tests\FileServiceTests.cs(26,10): error CS0246: The type or namespace name 'Fact' could not be found (are you missing a using directive or an assembly reference?) [D:\Projects\In progress\HtmlLiveEditor\HtmlLiveEditor.csproj]
         D:\Projects\In progress\HtmlLiveEditor\HtmlLiveEditor.Tests\AppConstantsTests.cs(19,10): error CS0246: The type or namespace name 'FactAttribute' could not be found (are you missing a using directive or an assembly reference?) [D:\Projects\In progress\HtmlLiveEditor\HtmlLiveEditor.csproj]
         D:\Projects\In progress\HtmlLiveEditor\HtmlLiveEditor.Tests\AppConstantsTests.cs(19,10): error CS0246: The type or namespace name 'Fact' could not be found (are you missing a using directive or an assembly reference?) [D:\Projects\In progress\HtmlLiveEditor\HtmlLiveEditor.csproj]
         D:\Projects\In progress\HtmlLiveEditor\HtmlLiveEditor.Tests\AppLoggerTests.cs(31,10): error CS0246: The type or namespace name 'FactAttribute' could not be found (are you missing a using directive or an assembly reference?) [D:\Projects\In progress\HtmlLiveEditor\HtmlLiveEditor.csproj]
         D:\Projects\In progress\HtmlLiveEditor\HtmlLiveEditor.Tests\AppLoggerTests.cs(31,10): error CS0246: The type or namespace name 'Fact' could not be found (are you missing a using directive or an assembly reference?) [D:\Projects\In progress\HtmlLiveEditor\HtmlLiveEditor.csproj]
         D:\Projects\In progress\HtmlLiveEditor\HtmlLiveEditor.Tests\FileServiceTests.cs(34,10): error CS0246: The type or namespace name 'FactAttribute' could not be found (are you missing a using directive or an assembly reference?) [D:\Projects\In progress\HtmlLiveEditor\HtmlLiveEditor.csproj]
         D:\Projects\In progress\HtmlLiveEditor\HtmlLiveEditor.Tests\FileServiceTests.cs(34,10): error CS0246: The type or namespace name 'Fact' could not be found (are you missing a using directive or an assembly reference?) [D:\Projects\In progress\HtmlLiveEditor\HtmlLiveEditor.csproj]
         D:\Projects\In progress\HtmlLiveEditor\HtmlLiveEditor.Tests\AppConstantsTests.cs(26,10): error CS0246: The type or namespace name 'FactAttribute' could not be found (are you missing a using directive or an assembly reference?) [D:\Projects\In progress\HtmlLiveEditor\HtmlLiveEditor.csproj]
         D:\Projects\In progress\HtmlLiveEditor\HtmlLiveEditor.Tests\AppConstantsTests.cs(26,10): error CS0246: The type or namespace name 'Fact' could not be found (are you missing a using directive or an assembly reference?) [D:\Projects\In progress\HtmlLiveEditor\HtmlLiveEditor.csproj]
         D:\Projects\In progress\HtmlLiveEditor\HtmlLiveEditor.Tests\AppConstantsTests.cs(32,10): error CS0246: The type or namespace name 'FactAttribute' could not be found (are you missing a using directive or an assembly reference?) [D:\Projects\In progress\HtmlLiveEditor\HtmlLiveEditor.csproj]
         D:\Projects\In progress\HtmlLiveEditor\HtmlLiveEditor.Tests\AppConstantsTests.cs(32,10): error CS0246: The type or namespace name 'Fact' could not be found (are you missing a using directive or an assembly reference?) [D:\Projects\In progress\HtmlLiveEditor\HtmlLiveEditor.csproj]
         D:\Projects\In progress\HtmlLiveEditor\HtmlLiveEditor.Tests\FileServiceTests.cs(42,10): error CS0246: The type or namespace name 'FactAttribute' could not be found (are you missing a using directive or an assembly reference?) [D:\Projects\In progress\HtmlLiveEditor\HtmlLiveEditor.csproj]
         D:\Projects\In progress\HtmlLiveEditor\HtmlLiveEditor.Tests\FileServiceTests.cs(42,10): error CS0246: The type or namespace name 'Fact' could not be found (are you missing a using directive or an assembly reference?) [D:\Projects\In progress\HtmlLiveEditor\HtmlLiveEditor.csproj]
         D:\Projects\In progress\HtmlLiveEditor\HtmlLiveEditor.Tests\AppConstantsTests.cs(38,10): error CS0246: The type or namespace name 'FactAttribute' could not be found (are you missing a using directive or an assembly reference?) [D:\Projects\In progress\HtmlLiveEditor\HtmlLiveEditor.csproj]
         D:\Projects\In progress\HtmlLiveEditor\HtmlLiveEditor.Tests\AppConstantsTests.cs(38,10): error CS0246: The type or namespace name 'Fact' could not be found (are you missing a using directive or an assembly reference?) [D:\Projects\In progress\HtmlLiveEditor\HtmlLiveEditor.csproj]
         D:\Projects\In progress\HtmlLiveEditor\HtmlLiveEditor.Tests\FileServiceTests.cs(48,10): error CS0246: The type or namespace name 'FactAttribute' could not be found (are you missing a using directive or an assembly reference?) [D:\Projects\In progress\HtmlLiveEditor\HtmlLiveEditor.csproj]
         D:\Projects\In progress\HtmlLiveEditor\HtmlLiveEditor.Tests\FileServiceTests.cs(48,10): error CS0246: The type or namespace name 'Fact' could not be found (are you missing a using directive or an assembly reference?) [D:\Projects\In progress\HtmlLiveEditor\HtmlLiveEditor.csproj]
         D:\Projects\In progress\HtmlLiveEditor\HtmlLiveEditor.Tests\AppConstantsTests.cs(44,10): error CS0246: The type or namespace name 'FactAttribute' could not be found (are you missing a using directive or an assembly reference?) [D:\Projects\In progress\HtmlLiveEditor\HtmlLiveEditor.csproj]
         D:\Projects\In progress\HtmlLiveEditor\HtmlLiveEditor.Tests\AppConstantsTests.cs(44,10): error CS0246: The type or namespace name 'Fact' could not be found (are you missing a using directive or an assembly reference?) [D:\Projects\In progress\HtmlLiveEditor\HtmlLiveEditor.csproj]
         D:\Projects\In progress\HtmlLiveEditor\HtmlLiveEditor.Tests\FileServiceTests.cs(55,10): error CS0246: The type or namespace name 'FactAttribute' could not be found (are you missing a using directive or an assembly reference?) [D:\Projects\In progress\HtmlLiveEditor\HtmlLiveEditor.csproj]
         D:\Projects\In progress\HtmlLiveEditor\HtmlLiveEditor.Tests\FileServiceTests.cs(55,10): error CS0246: The type or namespace name 'Fact' could not be found (are you missing a using directive or an assembly reference?) [D:\Projects\In progress\HtmlLiveEditor\HtmlLiveEditor.csproj]
         D:\Projects\In progress\HtmlLiveEditor\HtmlLiveEditor.Tests\AppConstantsTests.cs(50,10): error CS0246: The type or namespace name 'FactAttribute' could not be found (are you missing a using directive or an assembly reference?) [D:\Projects\In progress\HtmlLiveEditor\HtmlLiveEditor.csproj]
         D:\Projects\In progress\HtmlLiveEditor\HtmlLiveEditor.Tests\AppConstantsTests.cs(50,10): error CS0246: The type or namespace name 'Fact' could not be found (are you missing a using directive or an assembly reference?) [D:\Projects\In progress\HtmlLiveEditor\HtmlLiveEditor.csproj]
         D:\Projects\In progress\HtmlLiveEditor\HtmlLiveEditor.Tests\AppConstantsTests.cs(56,10): error CS0246: The type or namespace name 'FactAttribute' could not be found (are you missing a using directive or an assembly reference?) [D:\Projects\In progress\HtmlLiveEditor\HtmlLiveEditor.csproj]
         D:\Projects\In progress\HtmlLiveEditor\HtmlLiveEditor.Tests\AppConstantsTests.cs(56,10): error CS0246: The type or namespace name 'Fact' could not be found (are you missing a using directive or an assembly reference?) [D:\Projects\In progress\HtmlLiveEditor\HtmlLiveEditor.csproj]

    0 Warning(s)
    41 Error(s)

Time Elapsed 00:00:00.91
